======================================================================
测试数据一致性
======================================================================
成功加载行业基准数据，共 12 个行业

1. 创建模拟腾讯财务数据的Excel文件...
已创建测试文件: C:\Users\Administrator\Documents\trae_projects\financial_report_analysis\test_tencent_data.xlsx

2. 正在测试文件解析: test_tencent_data.xlsx
----------------------------------------------------------------------
   解析文件...
正在解析文件，扩展名: .xlsx
开始读取Excel文件: C:\Users\Administrator\Documents\trae_projects\financial_report_analysis\test_tencent_data.xlsx
尝试使用引擎: openpyxl
工作表数量: 1
正在解析工作表: Sheet1
工作表 Sheet1 形状: (32, 2)
尝试方法1：列名匹配
尝试方法2：单元格搜索
单元格搜索找到 总资产 = 40.83
单元格搜索找到 总负债 = 40.83
单元格搜索找到 经营现金流 = 0.36
单元格搜索找到 净利润 = 29.75
单元格搜索找到 应收账款 = 13.7
单元格搜索找到 存货 = 707.05
尝试方法4：垂直排列解析（第一列指标名，第二列数值）
垂直解析找到比率指标 流动比率 = 1.53 (原始: 流动比率=1.53)
垂直解析找到比率指标 速动比率 = 1.53 (原始: 速动比率=1.53)
垂直解析找到比率指标 资产负债率 = 0.4083 (原始: 资产负债率(%)=40.83)
垂直解析找到比率指标 现金流负债比 = 0.36 (原始: 现金流负债比=0.36)
垂直解析找到比率指标 ROE = 0.1864 (原始: ROE(%)=18.64)
垂直解析找到比率指标 ROA = 0.1103 (原始: ROA(%)=11.03)
垂直解析找到比率指标 销售毛利率 = 0.5289 (原始: 销售毛利率(%)=52.89)
垂直解析找到比率指标 销售净利率 = 0.2975 (原始: 销售净利率(%)=29.75)
垂直解析找到财务指标 总资产 = 0.37 (原始: 总资产周转率=0.37, 单位倍数: 1)
垂直解析找到财务指标 应收账款 = 13.7 (原始: 应收账款周转率=13.7, 单位倍数: 1)
垂直解析找到财务指标 存货 = 707.05 (原始: 存货周转率=707.05, 单位倍数: 1)
垂直解析找到比率指标 营收增长率 = 0.07980000000000001 (原始: 营收增长率(%)=7.98)
垂直解析找到比率指标 利润增长率 = 0.665 (原始: 利润增长率(%)=66.5)
垂直解析找到市场数据 市盈率 = 21.07 (原始: 市盈率(P/E)=21.07, 单位倍数: 1)
垂直解析找到市场数据 市净率 = 3.93 (原始: 市净率(P/B)=3.93, 单位倍数: 1)
垂直解析找到市场数据 市销率 = 6.27 (原始: 市销率(P/S)=6.27, 单位倍数: 1)
垂直解析找到财务指标 总资产 = 17810.0 (原始: 总资产(亿元)=17810.0, 单位倍数: 1)
垂直解析找到财务指标 总负债 = 7271.0 (原始: 总负债(亿元)=7271.0, 单位倍数: 1)
垂直解析找到财务指标 流动资产 = 5962.0 (原始: 流动资产(亿元)=5962.0, 单位倍数: 1)
垂直解析找到财务指标 流动负债 = 3885.0 (原始: 流动负债(亿元)=3885.0, 单位倍数: 1)
垂直解析找到财务指标 存货 = 4.4 (原始: 存货(亿元)=4.4, 单位倍数: 1)
垂直解析找到财务指标 应收账款 = 482.0 (原始: 应收账款(亿元)=482.0, 单位倍数: 1)
垂直解析找到财务指标 股东权益 = 10539.0 (原始: 股东权益(亿元)=10539.0, 单位倍数: 1)
垂直解析找到财务指标 营业收入 = 6603.0 (原始: 营业收入(亿元)=6603.0, 单位倍数: 1)
垂直解析找到财务指标 营业成本 = 3111.0 (原始: 营业成本(亿元)=3111.0, 单位倍数: 1)
垂直解析找到财务指标 净利润 = 1964.67 (原始: 净利润(亿元)=1964.67, 单位倍数: 1)
垂直解析找到财务指标 经营现金流 = 2585.0 (原始: 经营现金流(亿元)=2585.0, 单位倍数: 1)
垂直解析(关键词)找到财务指标 营业收入 = 6115.0 (原始: 上期营收(亿元)=6115.0, 单位倍数: 1)
垂直解析找到财务指标 净利润 = 1180.0 (原始: 上期净利润(亿元)=1180.0, 单位倍数: 1)
垂直解析找到市场数据 市值 = 0.0 (原始: 市值(亿元)=0.0, 单位倍数: 1)
垂直解析补充财务指标 流动比率 = 1.53
垂直解析补充财务指标 速动比率 = 1.53
垂直解析补充财务指标 资产负债率 = 0.4083
垂直解析补充财务指标 现金流负债比 = 0.36
垂直解析补充财务指标 ROE = 0.1864
垂直解析补充财务指标 ROA = 0.1103
垂直解析补充财务指标 销售毛利率 = 0.5289
垂直解析补充财务指标 销售净利率 = 0.2975
垂直解析补充财务指标 营收增长率 = 0.07980000000000001
垂直解析补充财务指标 利润增长率 = 0.665
垂直解析补充财务指标 流动资产 = 5962.0
垂直解析补充财务指标 流动负债 = 3885.0
垂直解析补充财务指标 股东权益 = 10539.0
垂直解析补充财务指标 营业收入 = 6115.0
垂直解析补充财务指标 营业成本 = 3111.0
垂直解析补充市场数据 市盈率 = 21.07
垂直解析补充市场数据 市净率 = 3.93
垂直解析补充市场数据 市销率 = 6.27
垂直解析补充市场数据 市值 = 0.0
垂直排列解析成功，找到 21 个财务指标
最终提取结果: 财务指标 21 个
成功提取数据，当前引擎: openpyxl
尝试使用引擎: xlrd
引擎 xlrd 失败: `Import xlrd` failed. Install xlrd >= 2.0.1 for xls Excel support Use pip or conda to install the xlrd package.
尝试使用引擎: None
工作表数量: 1
正在解析工作表: Sheet1
工作表 Sheet1 形状: (32, 2)
尝试方法1：列名匹配
尝试方法2：单元格搜索
单元格搜索找到 总资产 = 40.83
单元格搜索找到 总负债 = 40.83
单元格搜索找到 经营现金流 = 0.36
单元格搜索找到 净利润 = 29.75
单元格搜索找到 应收账款 = 13.7
单元格搜索找到 存货 = 707.05
尝试方法4：垂直排列解析（第一列指标名，第二列数值）
垂直解析找到比率指标 流动比率 = 1.53 (原始: 流动比率=1.53)
垂直解析找到比率指标 速动比率 = 1.53 (原始: 速动比率=1.53)
垂直解析找到比率指标 资产负债率 = 0.4083 (原始: 资产负债率(%)=40.83)
垂直解析找到比率指标 现金流负债比 = 0.36 (原始: 现金流负债比=0.36)
垂直解析找到比率指标 ROE = 0.1864 (原始: ROE(%)=18.64)
垂直解析找到比率指标 ROA = 0.1103 (原始: ROA(%)=11.03)
垂直解析找到比率指标 销售毛利率 = 0.5289 (原始: 销售毛利率(%)=52.89)
垂直解析找到比率指标 销售净利率 = 0.2975 (原始: 销售净利率(%)=29.75)
垂直解析找到财务指标 总资产 = 0.37 (原始: 总资产周转率=0.37, 单位倍数: 1)
垂直解析找到财务指标 应收账款 = 13.7 (原始: 应收账款周转率=13.7, 单位倍数: 1)
垂直解析找到财务指标 存货 = 707.05 (原始: 存货周转率=707.05, 单位倍数: 1)
垂直解析找到比率指标 营收增长率 = 0.07980000000000001 (原始: 营收增长率(%)=7.98)
垂直解析找到比率指标 利润增长率 = 0.665 (原始: 利润增长率(%)=66.5)
垂直解析找到市场数据 市盈率 = 21.07 (原始: 市盈率(P/E)=21.07, 单位倍数: 1)
垂直解析找到市场数据 市净率 = 3.93 (原始: 市净率(P/B)=3.93, 单位倍数: 1)
垂直解析找到市场数据 市销率 = 6.27 (原始: 市销率(P/S)=6.27, 单位倍数: 1)
垂直解析找到财务指标 总资产 = 17810.0 (原始: 总资产(亿元)=17810.0, 单位倍数: 1)
垂直解析找到财务指标 总负债 = 7271.0 (原始: 总负债(亿元)=7271.0, 单位倍数: 1)
垂直解析找到财务指标 流动资产 = 5962.0 (原始: 流动资产(亿元)=5962.0, 单位倍数: 1)
垂直解析找到财务指标 流动负债 = 3885.0 (原始: 流动负债(亿元)=3885.0, 单位倍数: 1)
垂直解析找到财务指标 存货 = 4.4 (原始: 存货(亿元)=4.4, 单位倍数: 1)
垂直解析找到财务指标 应收账款 = 482.0 (原始: 应收账款(亿元)=482.0, 单位倍数: 1)
垂直解析找到财务指标 股东权益 = 10539.0 (原始: 股东权益(亿元)=10539.0, 单位倍数: 1)
垂直解析找到财务指标 营业收入 = 6603.0 (原始: 营业收入(亿元)=6603.0, 单位倍数: 1)
垂直解析找到财务指标 营业成本 = 3111.0 (原始: 营业成本(亿元)=3111.0, 单位倍数: 1)
垂直解析找到财务指标 净利润 = 1964.67 (原始: 净利润(亿元)=1964.67, 单位倍数: 1)
垂直解析找到财务指标 经营现金流 = 2585.0 (原始: 经营现金流(亿元)=2585.0, 单位倍数: 1)
垂直解析(关键词)找到财务指标 营业收入 = 6115.0 (原始: 上期营收(亿元)=6115.0, 单位倍数: 1)
垂直解析找到财务指标 净利润 = 1180.0 (原始: 上期净利润(亿元)=1180.0, 单位倍数: 1)
垂直解析找到市场数据 市值 = 0.0 (原始: 市值(亿元)=0.0, 单位倍数: 1)
垂直解析补充财务指标 流动比率 = 1.53
垂直解析补充财务指标 速动比率 = 1.53
垂直解析补充财务指标 资产负债率 = 0.4083
垂直解析补充财务指标 现金流负债比 = 0.36
垂直解析补充财务指标 ROE = 0.1864
垂直解析补充财务指标 ROA = 0.1103
垂直解析补充财务指标 销售毛利率 = 0.5289
垂直解析补充财务指标 销售净利率 = 0.2975
垂直解析补充财务指标 营收增长率 = 0.07980000000000001
垂直解析补充财务指标 利润增长率 = 0.665
垂直解析补充财务指标 流动资产 = 5962.0
垂直解析补充财务指标 流动负债 = 3885.0
垂直解析补充财务指标 股东权益 = 10539.0
垂直解析补充财务指标 营业收入 = 6115.0
垂直解析补充财务指标 营业成本 = 3111.0
垂直解析补充市场数据 市盈率 = 21.07
垂直解析补充市场数据 市净率 = 3.93
垂直解析补充市场数据 市销率 = 6.27
垂直解析补充市场数据 市值 = 0.0
垂直排列解析成功，找到 21 个财务指标
最终提取结果: 财务指标 21 个
成功提取数据，当前引擎: None
最终解析到的数据 - 财务指标: ['总资产', '总负债', '经营现金流', '净利润', '应收账款', '存货', '流动比率', '速动比率', '资产负债率', '现金流负债比', 'ROE', 'ROA', '销售毛利率', '销售净利率', '营收增长率', '利润增长率', '流动资产', '流动负债', '股东权益', '营业收入', '营业成本']

   解析到的财务指标:
     总资产: 40.83
     总负债: 40.83
     经营现金流: 0.36
     净利润: 29.75
     应收账款: 13.7
     存货: 707.05
     流动比率: 1.53
     速动比率: 1.53
     资产负债率: 0.4083
     现金流负债比: 0.36
     ROE: 0.1864
     ROA: 0.1103
     销售毛利率: 0.5289
     销售净利率: 0.2975
     营收增长率: 0.07980000000000001
     利润增长率: 0.665
     流动资产: 5962.0
     流动负债: 3885.0
     股东权益: 10539.0
     营业收入: 6115.0
     营业成本: 3111.0

3. 预处理数据...
警告: 总资产周转率 = 149.7673279451384 超出合理范围 [0.0, 10.0]，尝试修正
  修正为: 1.4976732794513838 (除以100)
警告: 应收账款周转率 = 446.3503649635037 超出合理范围 [0.0, 100.0]，尝试修正
  修正为: 4.463503649635037 (除以100)

4. 验证关键指标一致性:
----------------------------------------------------------------------
   [OK] 流动比率: 1.5346203346203346 (期望: 1.53)
   [FAIL] 资产负债率: 1.0 (期望: 0.4083)
   [FAIL] ROE: 0.0028228484675965463 (期望: 0.1864)
   [FAIL] ROA: 0.7286309086456038 (期望: 0.1103)
   [FAIL] 销售毛利率: 未找到 (期望: 0.5289)
   [FAIL] 销售净利率: 未找到 (期望: 0.2975)
   [FAIL] 总资产周转率: 1.4976732794513838 (期望: 0.37)
   [FAIL] 应收账款周转率: 4.463503649635037 (期望: 13.7)
   [FAIL] 存货周转率: 8.648610423590977 (期望: 707.05)
   [FAIL] 营收增长率: 0.25 (期望: 0.0798)
   [FAIL] 利润增长率: 0.25 (期望: 0.665)
   [FAIL] 总资产: 40.83 (期望: 17810.0)
   [FAIL] 营业收入: 6115.0 (期望: 6603.0)
   [FAIL] 净利润: 29.75 (期望: 1964.67)

======================================================================
[WARNING] 部分指标不一致，需要进一步调试
======================================================================
